{
  "errors": [],
  "generated_at": "2026-10-05T09:19:50Z",
  "metrics": {
    ".\\research/freeze_oracles.py": {
      "CONFIDENCE.HIGH": 0,
      "CONFIDENCE.LOW": 0,
      "CONFIDENCE.MEDIUM": 0,
      "CONFIDENCE.UNDEFINED": 0,
      "SEVERITY.HIGH": 0,
      "SEVERITY.LOW": 0,
      "SEVERITY.MEDIUM": 0,
      "SEVERITY.UNDEFINED": 0,
      "loc": 123,
      "nosec": 0,
      "skipped_tests": 0
    },
    ".\\verify.py": {
      "CONFIDENCE.HIGH": 2,
      "CONFIDENCE.LOW": 0,
      "CONFIDENCE.MEDIUM": 0,
      "CONFIDENCE.UNDEFINED": 0,
      "SEVERITY.HIGH": 0,
      "SEVERITY.LOW": 2,
      "SEVERITY.MEDIUM": 0,
      "SEVERITY.UNDEFINED": 0,
      "loc": 107,
      "nosec": 0,
      "skipped_tests": 0
    },
    "_totals": {
      "CONFIDENCE.HIGH": 6,
      "CONFIDENCE.LOW": 0,
      "CONFIDENCE.MEDIUM": 0,
      "CONFIDENCE.UNDEFINED": 0,
      "SEVERITY.HIGH": 0,
      "SEVERITY.LOW": 6,
      "SEVERITY.MEDIUM": 0,
      "SEVERITY.UNDEFINED": 0,
      "loc": 663,
      "nosec": 0,
      "skipped_tests": 0
    },
    "tests\\domain_check.py": {
      "CONFIDENCE.HIGH": 0,
      "CONFIDENCE.LOW": 0,
      "CONFIDENCE.MEDIUM": 0,
      "CONFIDENCE.UNDEFINED": 0,
      "SEVERITY.HIGH": 0,
      "SEVERITY.LOW": 0,
      "SEVERITY.MEDIUM": 0,
      "SEVERITY.UNDEFINED": 0,
      "loc": 59,
      "nosec": 0,
      "skipped_tests": 0
    },
    "tests\\mutation_probe.py": {
      "CONFIDENCE.HIGH": 0,
      "CONFIDENCE.LOW": 0,
      "CONFIDENCE.MEDIUM": 0,
      "CONFIDENCE.UNDEFINED": 0,
      "SEVERITY.HIGH": 0,
      "SEVERITY.LOW": 0,
      "SEVERITY.MEDIUM": 0,
      "SEVERITY.UNDEFINED": 0,
      "loc": 13,
      "nosec": 0,
      "skipped_tests": 0
    },
    "tests\\test_model.py": {
      "CONFIDENCE.HIGH": 4,
      "CONFIDENCE.LOW": 0,
      "CONFIDENCE.MEDIUM": 0,
      "CONFIDENCE.UNDEFINED": 0,
      "SEVERITY.HIGH": 0,
      "SEVERITY.LOW": 4,
      "SEVERITY.MEDIUM": 0,
      "SEVERITY.UNDEFINED": 0,
      "loc": 361,
      "nosec": 0,
      "skipped_tests": 0
    }
  },
  "results": [
    {
      "code": "13 import shutil\n14 import subprocess\n15 import sys\n",
      "col_offset": 0,
      "end_col_offset": 17,
      "filename": ".\\verify.py",
      "issue_confidence": "HIGH",
      "issue_cwe": {
        "id": 78,
        "link": "https://cwe.mitre.org/data/definitions/78.html"
      },
      "issue_severity": "LOW",
      "issue_text": "Consider possible security implications associated with the subprocess module.",
      "line_number": 14,
      "line_range": [
        14
      ],
      "more_info": "https://bandit.readthedocs.io/en/1.9.4/blacklists/blacklist_imports.html#b404-import-subprocess",
      "test_id": "B404",
      "test_name": "blacklist"
    },
    {
      "code": "32 def execute(output, label, arguments, cwd=ROOT):\n33     result = subprocess.run([sys.executable, *arguments], cwd=cwd,\n34                             capture_output=True, timeout=90, check=False)\n35     (output / (label + '.stdout')).write_bytes(result.stdout)\n",
      "col_offset": 13,
      "end_col_offset": 73,
      "filename": ".\\verify.py",
      "issue_confidence": "HIGH",
      "issue_cwe": {
        "id": 78,
        "link": "https://cwe.mitre.org/data/definitions/78.html"
      },
      "issue_severity": "LOW",
      "issue_text": "subprocess call - check for execution of untrusted input.",
      "line_number": 33,
      "line_range": [
        33,
        34
      ],
      "more_info": "https://bandit.readthedocs.io/en/1.9.4/plugins/b603_subprocess_without_shell_equals_true.html",
      "test_id": "B603",
      "test_name": "subprocess_without_shell_equals_true"
    },
    {
      "code": "8 import socket\n9 import subprocess\n10 import sys\n",
      "col_offset": 0,
      "end_col_offset": 17,
      "filename": "tests\\test_model.py",
      "issue_confidence": "HIGH",
      "issue_cwe": {
        "id": 78,
        "link": "https://cwe.mitre.org/data/definitions/78.html"
      },
      "issue_severity": "LOW",
      "issue_text": "Consider possible security implications associated with the subprocess module.",
      "line_number": 9,
      "line_range": [
        9
      ],
      "more_info": "https://bandit.readthedocs.io/en/1.9.4/blacklists/blacklist_imports.html#b404-import-subprocess",
      "test_id": "B404",
      "test_name": "blacklist"
    },
    {
      "code": "344                 with self.subTest(flags=flags, case=case['name']):\n345                     result = subprocess.run([sys.executable, *flags, str(ROOT / 'cli.py')],\n346                                             input=json.dumps(case['input']).encode(),\n347                                             capture_output=True, timeout=10, check=False)\n348                     self.assertEqual(result.returncode, 0 if case['expected']['status'] == 'interpreted' else 2)\n",
      "col_offset": 29,
      "end_col_offset": 89,
      "filename": "tests\\test_model.py",
      "issue_confidence": "HIGH",
      "issue_cwe": {
        "id": 78,
        "link": "https://cwe.mitre.org/data/definitions/78.html"
      },
      "issue_severity": "LOW",
      "issue_text": "subprocess call - check for execution of untrusted input.",
      "line_number": 345,
      "line_range": [
        345,
        346,
        347
      ],
      "more_info": "https://bandit.readthedocs.io/en/1.9.4/plugins/b603_subprocess_without_shell_equals_true.html",
      "test_id": "B603",
      "test_name": "subprocess_without_shell_equals_true"
    },
    {
      "code": "355             for args, expected in ((['--help'], 0), (['bad'], 2)):\n356                 result = subprocess.run([sys.executable, *flags, str(ROOT / 'cli.py'), *args],\n357                                         capture_output=True, timeout=10, check=False)\n358                 self.assertEqual(result.returncode, expected)\n",
      "col_offset": 25,
      "end_col_offset": 85,
      "filename": "tests\\test_model.py",
      "issue_confidence": "HIGH",
      "issue_cwe": {
        "id": 78,
        "link": "https://cwe.mitre.org/data/definitions/78.html"
      },
      "issue_severity": "LOW",
      "issue_text": "subprocess call - check for execution of untrusted input.",
      "line_number": 356,
      "line_range": [
        356,
        357
      ],
      "more_info": "https://bandit.readthedocs.io/en/1.9.4/plugins/b603_subprocess_without_shell_equals_true.html",
      "test_id": "B603",
      "test_name": "subprocess_without_shell_equals_true"
    },
    {
      "code": "377                 with self.subTest(flags=flags, args=args, close_out=close_out, close_err=close_err):\n378                     child = subprocess.Popen([sys.executable, *flags, '-c', wrapper,\n379                                               str(ROOT / 'cli.py'), str(ROOT), *args],\n380                                              stdin=subprocess.PIPE, stdout=subprocess.PIPE,\n381                                              stderr=subprocess.PIPE)\n382                     if close_out:\n",
      "col_offset": 28,
      "end_col_offset": 68,
      "filename": "tests\\test_model.py",
      "issue_confidence": "HIGH",
      "issue_cwe": {
        "id": 78,
        "link": "https://cwe.mitre.org/data/definitions/78.html"
      },
      "issue_severity": "LOW",
      "issue_text": "subprocess call - check for execution of untrusted input.",
      "line_number": 378,
      "line_range": [
        378,
        379,
        380,
        381
      ],
      "more_info": "https://bandit.readthedocs.io/en/1.9.4/plugins/b603_subprocess_without_shell_equals_true.html",
      "test_id": "B603",
      "test_name": "subprocess_without_shell_equals_true"
    }
  ]
}