test_frozen_reports (test_model.Contract.test_frozen_reports) ... 
  test_frozen_reports (test_model.Contract.test_frozen_reports) (case='synthetic-zero-unchanged') ... FAIL
  test_frozen_reports (test_model.Contract.test_frozen_reports) (case='synthetic-zero-changed') ... FAIL
test_roundup_boundary_helpers (test_model.Contract.test_roundup_boundary_helpers) ... ok

======================================================================
FAIL: test_frozen_reports (test_model.Contract.test_frozen_reports) (case='synthetic-zero-unchanged')
----------------------------------------------------------------------
Traceback (most recent call last):
  File "C:\Users\Jake\OneDrive - Alfred State College\Documents\New project\cvss-vector-model-lab\.private\verification-20261005\bypass-zero-impact\tests\test_model.py", line 40, in test_frozen_reports
    self.assertEqual(model.interpret(case['input']), case['expected'])
    ~~~~~~~~~~~~~~~~^^^^^^^^^^^^^^^^^^^^^^^^^^^^^^^^^^^^^^^^^^^^^^^^^^
AssertionError: {'sch[438 chars]e': '3.9', 'score_basis': 'supplied_base_metri[101 chars]']}]} != {'sch[438 chars]e': '0.0', 'score_basis': 'supplied_base_metri[101 chars]']}]}
Diff is 1493 characters long. Set self.maxDiff to None to see it.

======================================================================
FAIL: test_frozen_reports (test_model.Contract.test_frozen_reports) (case='synthetic-zero-changed')
----------------------------------------------------------------------
Traceback (most recent call last):
  File "C:\Users\Jake\OneDrive - Alfred State College\Documents\New project\cvss-vector-model-lab\.private\verification-20261005\bypass-zero-impact\tests\test_model.py", line 40, in test_frozen_reports
    self.assertEqual(model.interpret(case['input']), case['expected'])
    ~~~~~~~~~~~~~~~~^^^^^^^^^^^^^^^^^^^^^^^^^^^^^^^^^^^^^^^^^^^^^^^^^^
AssertionError: {'sch[438 chars]e': '4.0', 'score_basis': 'supplied_base_metri[101 chars]']}]} != {'sch[438 chars]e': '0.0', 'score_basis': 'supplied_base_metri[101 chars]']}]}
Diff is 1489 characters long. Set self.maxDiff to None to see it.

----------------------------------------------------------------------
Ran 2 tests in 0.006s

FAILED (failures=2)
